// Jest Snapshot v1, https://goo.gl/fbAQLP

exports[`Dialog should be show children elements 1`] = `
<div
  className="dialog__content"
>
  Grid Dynamics
</div>
`;
